Traceback (most recent call last):
  File "/data/surt321/anaconda3/envs/lab/lib/python3.10/runpy.py", line 196, in _run_module_as_main
    return _run_code(code, main_globals, None,
  File "/data/surt321/anaconda3/envs/lab/lib/python3.10/runpy.py", line 86, in _run_code
    exec(code, run_globals)
  File "/data/surt321/repos/lab/kv_cache/baseline/sparkv/experiment.py", line 1047, in <module>
    args.func(args)
  File "/data/surt321/repos/lab/kv_cache/baseline/sparkv/experiment.py", line 61, in prepare
    dataset = load_dataset("zai-org/LongBench", "triviaqa", split="test")
  File "/data/surt321/anaconda3/envs/lab/lib/python3.10/site-packages/datasets/load.py", line 2062, in load_dataset
    builder_instance = load_dataset_builder(
  File "/data/surt321/anaconda3/envs/lab/lib/python3.10/site-packages/datasets/load.py", line 1782, in load_dataset_builder
    dataset_module = dataset_module_factory(
  File "/data/surt321/anaconda3/envs/lab/lib/python3.10/site-packages/datasets/load.py", line 1664, in dataset_module_factory
    raise e1 from None
  File "/data/surt321/anaconda3/envs/lab/lib/python3.10/site-packages/datasets/load.py", line 1614, in dataset_module_factory
    ).get_module()
  File "/data/surt321/anaconda3/envs/lab/lib/python3.10/site-packages/datasets/load.py", line 1264, in get_module
    trust_remote_code = resolve_trust_remote_code(self.trust_remote_code, self.name)
  File "/data/surt321/anaconda3/envs/lab/lib/python3.10/site-packages/datasets/load.py", line 137, in resolve_trust_remote_code
    raise ValueError(
ValueError: The repository for zai-org/LongBench contains custom code which must be executed to correctly load the dataset. You can inspect the repository content at https://hf.co/datasets/zai-org/LongBench.
Please pass the argument `trust_remote_code=True` to allow custom code to be run.
[ERROR] line=221 exit_code=1
[ERROR] Temporary files are preserved at: /local_datasets/surt321/sparkv-test/138536
