============================================================
[SBATCH-START]
timestamp=2026-09-15T16:19:06+09:00
job_id=141609
host=moana-y4
pwd=/data/surt321/repos/lab/kv_cache/baseline/lora-exp
============================================================

[ENV]
/data/surt321/anaconda3/envs/lab/bin/python
Python 3.10.20
branch=exp/lora-test
commit=1d993259ff5f542cb62e13a41aaf88b0eeb79814

[GIT STATUS]
?? runs/data/

[LOCAL STORAGE]
WORK_DIR=/local_datasets/surt321/lora-exp/phase1_141609
HF_HOME=/local_datasets/surt321/hf_cache/lora_phase1_141609
Filesystem      Size  Used Avail Use% Mounted on
/dev/nvme0n1p2  1.8T  1.7T  1.8G 100% /

[PACKAGE CHECK]
datasets        : 3.6.0
huggingface_hub : 0.36.2
pyarrow         : 25.0.1
transformers    : 4.51.3
pyyaml          : 6.0.3

[RUN PHASE 1]
