Generating test split: 0 examples [00:00, ? examples/s]Generating test split: 164 examples [00:00, 1620.86 examples/s]Generating test split: 200 examples [00:00, 1158.25 examples/s]
Loading checkpoint shards:   0%|          | 0/3 [00:00<?, ?it/s]Loading checkpoint shards:  33%|███▎      | 1/3 [00:16<00:32, 16.03s/it]Loading checkpoint shards:  67%|██████▋   | 2/3 [00:37<00:19, 19.02s/it]Loading checkpoint shards: 100%|██████████| 3/3 [00:37<00:00, 10.70s/it]Loading checkpoint shards: 100%|██████████| 3/3 [00:37<00:00, 12.65s/it]
Loading checkpoint shards:   0%|          | 0/3 [00:00<?, ?it/s]Loading checkpoint shards:  33%|███▎      | 1/3 [00:03<00:06,  3.41s/it]Loading checkpoint shards:  67%|██████▋   | 2/3 [00:07<00:03,  3.85s/it]Loading checkpoint shards: 100%|██████████| 3/3 [00:07<00:00,  2.14s/it]Loading checkpoint shards: 100%|██████████| 3/3 [00:07<00:00,  2.56s/it]
Traceback (most recent call last):
  File "/data/surt321/anaconda3/envs/lab/lib/python3.10/runpy.py", line 196, in _run_module_as_main
    return _run_code(code, main_globals, None,
  File "/data/surt321/anaconda3/envs/lab/lib/python3.10/runpy.py", line 86, in _run_code
    exec(code, run_globals)
  File "/data/surt321/repos/lab/kv_cache/baseline/sparkv/experiment.py", line 1016, in <module>
    args.func(
  File "/data/surt321/repos/lab/kv_cache/baseline/sparkv/experiment.py", line 140, in collect_overhead_command
    collect_predictor_profile(
  File "/data/surt321/repos/lab/kv_cache/baseline/sparkv/artifacts.py", line 941, in collect_predictor_profile
    _profile_dense_and_projection(
  File "/data/surt321/repos/lab/kv_cache/baseline/sparkv/artifacts.py", line 756, in _profile_dense_and_projection
    + layer.self_attn.o_proj(
  File "/data/surt321/anaconda3/envs/lab/lib/python3.10/site-packages/torch/nn/modules/module.py", line 1553, in _wrapped_call_impl
    return self._call_impl(*args, **kwargs)
  File "/data/surt321/anaconda3/envs/lab/lib/python3.10/site-packages/torch/nn/modules/module.py", line 1562, in _call_impl
    return forward_call(*args, **kwargs)
  File "/data/surt321/anaconda3/envs/lab/lib/python3.10/site-packages/bitsandbytes/nn/modules.py", line 484, in forward
    return bnb.matmul_4bit(x, self.weight.t(), bias=bias, quant_state=self.weight.quant_state).to(inp_dtype)
  File "/data/surt321/anaconda3/envs/lab/lib/python3.10/site-packages/bitsandbytes/autograd/_functions.py", line 533, in matmul_4bit
    return MatMul4Bit.apply(A, B, out, bias, quant_state)
  File "/data/surt321/anaconda3/envs/lab/lib/python3.10/site-packages/torch/autograd/function.py", line 574, in apply
    return super().apply(*args, **kwargs)  # type: ignore[misc]
  File "/data/surt321/anaconda3/envs/lab/lib/python3.10/site-packages/bitsandbytes/autograd/_functions.py", line 462, in forward
    output = torch.nn.functional.linear(A, F.dequantize_4bit(B, quant_state).to(A.dtype).t(), bias)
RuntimeError: Expected size for first two dimensions of batch2 tensor to be: [1, 2560] but got: [1, 4096].
[ERROR] line=268 exit=1
[ERROR] local workdir preserved: /local_datasets/surt321/sparkv-direct/138633
