Loading checkpoint shards:   0%|          | 0/3 [00:00<?, ?it/s]Loading checkpoint shards:  33%|███▎      | 1/3 [00:03<00:07,  3.53s/it]Loading checkpoint shards:  67%|██████▋   | 2/3 [00:07<00:03,  3.79s/it]Loading checkpoint shards: 100%|██████████| 3/3 [00:07<00:00,  2.11s/it]Loading checkpoint shards: 100%|██████████| 3/3 [00:07<00:00,  2.54s/it]
/data/surt321/anaconda3/envs/lab/lib/python3.10/site-packages/transformers/generation/configuration_utils.py:631: UserWarning: `do_sample` is set to `False`. However, `temperature` is set to `0.6` -- this flag is only used in sample-based generation modes. You should set `do_sample=True` or unset `temperature`.
  warnings.warn(
/data/surt321/anaconda3/envs/lab/lib/python3.10/site-packages/transformers/generation/configuration_utils.py:636: UserWarning: `do_sample` is set to `False`. However, `top_p` is set to `0.95` -- this flag is only used in sample-based generation modes. You should set `do_sample=True` or unset `top_p`.
  warnings.warn(
/data/surt321/anaconda3/envs/lab/lib/python3.10/site-packages/transformers/generation/configuration_utils.py:653: UserWarning: `do_sample` is set to `False`. However, `top_k` is set to `20` -- this flag is only used in sample-based generation modes. You should set `do_sample=True` or unset `top_k`.
  warnings.warn(
Traceback (most recent call last):
  File "/data/surt321/anaconda3/envs/lab/lib/python3.10/runpy.py", line 196, in _run_module_as_main
    return _run_code(code, main_globals, None,
  File "/data/surt321/anaconda3/envs/lab/lib/python3.10/runpy.py", line 86, in _run_code
    exec(code, run_globals)
  File "/data/surt321/repos/lab/kv_cache/baseline/sparkv/experiment.py", line 1016, in <module>
    args.func(
  File "/data/surt321/repos/lab/kv_cache/baseline/sparkv/experiment.py", line 528, in run_command
    ) = _generate_first_token(
  File "/data/surt321/repos/lab/kv_cache/baseline/sparkv/experiment.py", line 314, in _generate_first_token
    generated = model.generate(
  File "/data/surt321/anaconda3/envs/lab/lib/python3.10/site-packages/torch/utils/_contextlib.py", line 116, in decorate_context
    return func(*args, **kwargs)
  File "/data/surt321/anaconda3/envs/lab/lib/python3.10/site-packages/transformers/generation/utils.py", line 2465, in generate
    result = self._sample(
  File "/data/surt321/anaconda3/envs/lab/lib/python3.10/site-packages/transformers/generation/utils.py", line 3424, in _sample
    model_inputs = self.prepare_inputs_for_generation(input_ids, **model_kwargs)
  File "/data/surt321/anaconda3/envs/lab/lib/python3.10/site-packages/transformers/generation/utils.py", line 507, in prepare_inputs_for_generation
    inputs_embeds, input_ids = self._cache_dependant_input_preparation(
  File "/data/surt321/anaconda3/envs/lab/lib/python3.10/site-packages/transformers/generation/utils.py", line 406, in _cache_dependant_input_preparation
    or (cache_position[-1] >= input_ids.shape[1])  # Exception 3
IndexError: index -1 is out of bounds for dimension 0 with size 0
